{
  "Entries": [
    {
      "RequestUri": "/db1ab6f0-4769-4b27-930e-01e2ef9c123c/services/WATM/profiles",
      "RequestMethod": "GET",
      "RequestBody": "",
      "RequestHeaders": {
        "x-ms-version": [
          "2011-10-01"
        ],
        "User-Agent": [
          "Microsoft.WindowsAzure.Management.TrafficManager.TrafficManagerManagementClient/0.9.0.0",
          "WindowsAzurePowershell/v0.8.5"
        ]
      },
      "ResponseBody": "<Profiles xmlns=\"http://schemas.microsoft.com/windowsazure\" xmlns:i=\"http://www.w3.org/2001/XMLSchema-instance\">\r\n  <Profile>\r\n    <DomainName>1a58bf3c-94b9-4c43-8231-ab6ed22a7842profile.trafficmanager.net</DomainName>\r\n    <Name>1a58bf3c-94b9-4c43-8231-ab6ed22a7842profile</Name>\r\n    <Status>Enabled</Status>\r\n    <StatusDetails>\r\n      <EnabledVersion>1</EnabledVersion>\r\n    </StatusDetails>\r\n    <Definitions>\r\n      <Definition>\r\n        <Status>Enabled</Status>\r\n        <Version>1</Version>\r\n      </Definition>\r\n    </Definitions>\r\n  </Profile>\r\n  <Profile>\r\n    <DomainName>jnowaktest2.trafficmanager.net</DomainName>\r\n    <Name>jnowaktest2</Name>\r\n    <Status>Enabled</Status>\r\n    <StatusDetails>\r\n      <EnabledVersion>1</EnabledVersion>\r\n    </StatusDetails>\r\n    <Definitions>\r\n      <Definition>\r\n        <Status>Enabled</Status>\r\n        <Version>1</Version>\r\n      </Definition>\r\n    </Definitions>\r\n  </Profile>\r\n  <Profile>\r\n    <DomainName>scenarioTestProfile.trafficmanager.net</DomainName>\r\n    <Name>scenarioTestProfile</Name>\r\n    <Status>Enabled</Status>\r\n    <StatusDetails>\r\n      <EnabledVersion>1</EnabledVersion>\r\n    </StatusDetails>\r\n    <Definitions>\r\n      <Definition>\r\n        <Status>Enabled</Status>\r\n        <Version>1</Version>\r\n      </Definition>\r\n    </Definitions>\r\n  </Profile>\r\n</Profiles>",
      "ResponseHeaders": {
        "x-ms-servedbyregion": [
          "ussouth2"
        ],
        "X-Content-Type-Options": [
          "nosniff"
        ],
        "x-ms-request-id": [
          "eaa6ff72cfedade2934d3cb1ed64d6a6"
        ],
        "Cache-Control": [
          "no-cache"
        ],
        "Date": [
          "Fri, 23 May 2014 10:16:52 GMT"
        ],
        "Server": [
          "1.0.6198.76",
          "(rd_rdfe_stable.140522-0024)",
          "Microsoft-HTTPAPI/2.0"
        ],
        "X-AspNet-Version": [
          "4.0.30319"
        ],
        "X-Powered-By": [
          "ASP.NET"
        ]
      },
      "StatusCode": 200
    },
    {
      "RequestUri": "/db1ab6f0-4769-4b27-930e-01e2ef9c123c/services/WATM/profiles",
      "RequestMethod": "GET",
      "RequestBody": "",
      "RequestHeaders": {
        "x-ms-version": [
          "2011-10-01"
        ],
        "User-Agent": [
          "Microsoft.WindowsAzure.Management.TrafficManager.TrafficManagerManagementClient/0.9.0.0",
          "WindowsAzurePowershell/v0.8.5"
        ]
      },
      "ResponseBody": "<Profiles xmlns=\"http://schemas.microsoft.com/windowsazure\" xmlns:i=\"http://www.w3.org/2001/XMLSchema-instance\">\r\n  <Profile>\r\n    <DomainName>1a58bf3c-94b9-4c43-8231-ab6ed22a7842profile.trafficmanager.net</DomainName>\r\n    <Name>1a58bf3c-94b9-4c43-8231-ab6ed22a7842profile</Name>\r\n    <Status>Enabled</Status>\r\n    <StatusDetails>\r\n      <EnabledVersion>1</EnabledVersion>\r\n    </StatusDetails>\r\n    <Definitions>\r\n      <Definition>\r\n        <Status>Enabled</Status>\r\n        <Version>1</Version>\r\n      </Definition>\r\n    </Definitions>\r\n  </Profile>\r\n  <Profile>\r\n    <DomainName>jnowaktest2.trafficmanager.net</DomainName>\r\n    <Name>jnowaktest2</Name>\r\n    <Status>Enabled</Status>\r\n    <StatusDetails>\r\n      <EnabledVersion>1</EnabledVersion>\r\n    </StatusDetails>\r\n    <Definitions>\r\n      <Definition>\r\n        <Status>Enabled</Status>\r\n        <Version>1</Version>\r\n      </Definition>\r\n    </Definitions>\r\n  </Profile>\r\n  <Profile>\r\n    <DomainName>scenarioTestProfile1.trafficmanager.net</DomainName>\r\n    <Name>scenarioTestProfile1</Name>\r\n    <Status>Enabled</Status>\r\n    <StatusDetails>\r\n      <EnabledVersion>1</EnabledVersion>\r\n    </StatusDetails>\r\n    <Definitions>\r\n      <Definition>\r\n        <Status>Enabled</Status>\r\n        <Version>1</Version>\r\n      </Definition>\r\n    </Definitions>\r\n  </Profile>\r\n  <Profile>\r\n    <DomainName>scenarioTestProfile2.trafficmanager.net</DomainName>\r\n    <Name>scenarioTestProfile2</Name>\r\n    <Status>Enabled</Status>\r\n    <StatusDetails>\r\n      <EnabledVersion>1</EnabledVersion>\r\n    </StatusDetails>\r\n    <Definitions>\r\n      <Definition>\r\n        <Status>Enabled</Status>\r\n        <Version>1</Version>\r\n      </Definition>\r\n    </Definitions>\r\n  </Profile>\r\n</Profiles>",
      "ResponseHeaders": {
        "x-ms-servedbyregion": [
          "ussouth2"
        ],
        "X-Content-Type-Options": [
          "nosniff"
        ],
        "x-ms-request-id": [
          "26453325794aa4aba768e54e16cf2f6e"
        ],
        "Cache-Control": [
          "no-cache"
        ],
        "Date": [
          "Fri, 23 May 2014 10:17:12 GMT"
        ],
        "Server": [
          "1.0.6198.76",
          "(rd_rdfe_stable.140522-0024)",
          "Microsoft-HTTPAPI/2.0"
        ],
        "X-AspNet-Version": [
          "4.0.30319"
        ],
        "X-Powered-By": [
          "ASP.NET"
        ]
      },
      "StatusCode": 200
    },
    {
      "RequestUri": "/db1ab6f0-4769-4b27-930e-01e2ef9c123c/services/WATM/profiles/scenarioTestProfile",
      "RequestMethod": "DELETE",
      "RequestBody": "",
      "RequestHeaders": {
        "x-ms-version": [
          "2011-10-01"
        ],
        "User-Agent": [
          "Microsoft.WindowsAzure.Management.TrafficManager.TrafficManagerManagementClient/0.9.0.0",
          "WindowsAzurePowershell/v0.8.5"
        ]
      },
      "ResponseBody": "",
      "ResponseHeaders": {
        "Transfer-Encoding": [
          "chunked"
        ],
        "x-ms-servedbyregion": [
          "ussouth2"
        ],
        "X-Content-Type-Options": [
          "nosniff"
        ],
        "x-ms-request-id": [
          "f51972c4b0dca16cbb714e96cb69c5d8"
        ],
        "Cache-Control": [
          "no-cache"
        ],
        "Date": [
          "Fri, 23 May 2014 10:16:54 GMT"
        ],
        "Server": [
          "1.0.6198.76",
          "(rd_rdfe_stable.140522-0024)",
          "Microsoft-HTTPAPI/2.0"
        ],
        "X-AspNet-Version": [
          "4.0.30319"
        ],
        "X-Powered-By": [
          "ASP.NET"
        ]
      },
      "StatusCode": 200
    },
    {
      "RequestUri": "/db1ab6f0-4769-4b27-930e-01e2ef9c123c/services/WATM/profiles",
      "RequestMethod": "POST",
      "RequestBody": "<Profile xmlns=\"http://schemas.microsoft.com/windowsazure\">\r\n  <DomainName>scenarioTestProfile1.trafficmanager.net</DomainName>\r\n  <Name>scenarioTestProfile1</Name>\r\n</Profile>",
      "RequestHeaders": {
        "x-ms-version": [
          "2011-10-01"
        ],
        "User-Agent": [
          "Microsoft.WindowsAzure.Management.TrafficManager.TrafficManagerManagementClient/0.9.0.0",
          "WindowsAzurePowershell/v0.8.5"
        ]
      },
      "ResponseBody": "",
      "ResponseHeaders": {
        "Transfer-Encoding": [
          "chunked"
        ],
        "x-ms-servedbyregion": [
          "ussouth2"
        ],
        "X-Content-Type-Options": [
          "nosniff"
        ],
        "x-ms-request-id": [
          "508b0fd45febae62a91f46915f77e6c9"
        ],
        "Cache-Control": [
          "no-cache"
        ],
        "Date": [
          "Fri, 23 May 2014 10:17:01 GMT"
        ],
        "Server": [
          "1.0.6198.76",
          "(rd_rdfe_stable.140522-0024)",
          "Microsoft-HTTPAPI/2.0"
        ],
        "X-AspNet-Version": [
          "4.0.30319"
        ],
        "X-Powered-By": [
          "ASP.NET"
        ]
      },
      "StatusCode": 200
    },
    {
      "RequestUri": "/db1ab6f0-4769-4b27-930e-01e2ef9c123c/services/WATM/profiles",
      "RequestMethod": "POST",
      "RequestBody": "<Profile xmlns=\"http://schemas.microsoft.com/windowsazure\">\r\n  <DomainName>scenarioTestProfile2.trafficmanager.net</DomainName>\r\n  <Name>scenarioTestProfile2</Name>\r\n</Profile>",
      "RequestHeaders": {
        "x-ms-version": [
          "2011-10-01"
        ],
        "User-Agent": [
          "Microsoft.WindowsAzure.Management.TrafficManager.TrafficManagerManagementClient/0.9.0.0",
          "WindowsAzurePowershell/v0.8.5"
        ]
      },
      "ResponseBody": "",
      "ResponseHeaders": {
        "Transfer-Encoding": [
          "chunked"
        ],
        "x-ms-servedbyregion": [
          "ussouth2"
        ],
        "X-Content-Type-Options": [
          "nosniff"
        ],
        "x-ms-request-id": [
          "c0dfabd2ea27a7e691bae5db3f8e9665"
        ],
        "Cache-Control": [
          "no-cache"
        ],
        "Date": [
          "Fri, 23 May 2014 10:17:09 GMT"
        ],
        "Server": [
          "1.0.6198.76",
          "(rd_rdfe_stable.140522-0024)",
          "Microsoft-HTTPAPI/2.0"
        ],
        "X-AspNet-Version": [
          "4.0.30319"
        ],
        "X-Powered-By": [
          "ASP.NET"
        ]
      },
      "StatusCode": 200
    },
    {
      "RequestUri": "/db1ab6f0-4769-4b27-930e-01e2ef9c123c/services/WATM/profiles/scenarioTestProfile1/definitions",
      "RequestMethod": "POST",
      "RequestBody": "<Definition xmlns=\"http://schemas.microsoft.com/windowsazure\">\r\n  <DnsOptions>\r\n    <TimeToLiveInSeconds>300</TimeToLiveInSeconds>\r\n  </DnsOptions>\r\n  <Monitors>\r\n    <Monitor>\r\n      <IntervalInSeconds>30</IntervalInSeconds>\r\n      <TimeoutInSeconds>10</TimeoutInSeconds>\r\n      <ToleratedNumberOfFailures>3</ToleratedNumberOfFailures>\r\n      <Protocol>HTTP</Protocol>\r\n      <Port>80</Port>\r\n      <HttpOptions>\r\n        <Verb>GET</Verb>\r\n        <RelativePath>/</RelativePath>\r\n        <ExpectedStatusCode>200</ExpectedStatusCode>\r\n      </HttpOptions>\r\n    </Monitor>\r\n  </Monitors>\r\n  <Policy>\r\n    <LoadBalancingMethod>RoundRobin</LoadBalancingMethod>\r\n    <Endpoints />\r\n  </Policy>\r\n</Definition>",
      "RequestHeaders": {
        "x-ms-version": [
          "2011-10-01"
        ],
        "User-Agent": [
          "Microsoft.WindowsAzure.Management.TrafficManager.TrafficManagerManagementClient/0.9.0.0",
          "WindowsAzurePowershell/v0.8.5"
        ]
      },
      "ResponseBody": "<Definition xmlns=\"http://schemas.microsoft.com/windowsazure\" xmlns:i=\"http://www.w3.org/2001/XMLSchema-instance\">\r\n  <Version>1</Version>\r\n</Definition>",
      "ResponseHeaders": {
        "x-ms-servedbyregion": [
          "ussouth2"
        ],
        "X-Content-Type-Options": [
          "nosniff"
        ],
        "x-ms-request-id": [
          "ccd8b2f356d7a792859502a8cc494953"
        ],
        "Cache-Control": [
          "no-cache"
        ],
        "Date": [
          "Fri, 23 May 2014 10:17:03 GMT"
        ],
        "Server": [
          "1.0.6198.76",
          "(rd_rdfe_stable.140522-0024)",
          "Microsoft-HTTPAPI/2.0"
        ],
        "X-AspNet-Version": [
          "4.0.30319"
        ],
        "X-Powered-By": [
          "ASP.NET"
        ]
      },
      "StatusCode": 200
    },
    {
      "RequestUri": "/db1ab6f0-4769-4b27-930e-01e2ef9c123c/services/WATM/profiles/scenarioTestProfile1",
      "RequestMethod": "GET",
      "RequestBody": "",
      "RequestHeaders": {
        "x-ms-version": [
          "2011-10-01"
        ],
        "User-Agent": [
          "Microsoft.WindowsAzure.Management.TrafficManager.TrafficManagerManagementClient/0.9.0.0",
          "WindowsAzurePowershell/v0.8.5"
        ]
      },
      "ResponseBody": "<Profile xmlns=\"http://schemas.microsoft.com/windowsazure\" xmlns:i=\"http://www.w3.org/2001/XMLSchema-instance\">\r\n  <DomainName>scenarioTestProfile1.trafficmanager.net</DomainName>\r\n  <Name>scenarioTestProfile1</Name>\r\n  <Status>Enabled</Status>\r\n  <StatusDetails>\r\n    <EnabledVersion>1</EnabledVersion>\r\n  </StatusDetails>\r\n  <Definitions>\r\n    <Definition>\r\n      <Status>Enabled</Status>\r\n      <Version>1</Version>\r\n    </Definition>\r\n  </Definitions>\r\n</Profile>",
      "ResponseHeaders": {
        "x-ms-servedbyregion": [
          "ussouth2"
        ],
        "X-Content-Type-Options": [
          "nosniff"
        ],
        "x-ms-request-id": [
          "68a740ac5d34a4f29e285416aa746f41"
        ],
        "Cache-Control": [
          "no-cache"
        ],
        "Date": [
          "Fri, 23 May 2014 10:17:06 GMT"
        ],
        "Server": [
          "1.0.6198.76",
          "(rd_rdfe_stable.140522-0024)",
          "Microsoft-HTTPAPI/2.0"
        ],
        "X-AspNet-Version": [
          "4.0.30319"
        ],
        "X-Powered-By": [
          "ASP.NET"
        ]
      },
      "StatusCode": 200
    },
    {
      "RequestUri": "/db1ab6f0-4769-4b27-930e-01e2ef9c123c/services/WATM/profiles/scenarioTestProfile1/definitions/1",
      "RequestMethod": "GET",
      "RequestBody": "",
      "RequestHeaders": {
        "x-ms-version": [
          "2011-10-01"
        ],
        "User-Agent": [
          "Microsoft.WindowsAzure.Management.TrafficManager.TrafficManagerManagementClient/0.9.0.0",
          "WindowsAzurePowershell/v0.8.5"
        ]
      },
      "ResponseBody": "<Definition xmlns=\"http://schemas.microsoft.com/windowsazure\" xmlns:i=\"http://www.w3.org/2001/XMLSchema-instance\">\r\n  <DnsOptions>\r\n    <TimeToLiveInSeconds>300</TimeToLiveInSeconds>\r\n  </DnsOptions>\r\n  <Status>Enabled</Status>\r\n  <Version>1</Version>\r\n  <Monitors>\r\n    <Monitor>\r\n      <IntervalInSeconds>30</IntervalInSeconds>\r\n      <TimeoutInSeconds>10</TimeoutInSeconds>\r\n      <ToleratedNumberOfFailures>3</ToleratedNumberOfFailures>\r\n      <Protocol>HTTP</Protocol>\r\n      <Port>80</Port>\r\n      <HttpOptions>\r\n        <Verb>GET</Verb>\r\n        <RelativePath>/</RelativePath>\r\n        <ExpectedStatusCode>200</ExpectedStatusCode>\r\n      </HttpOptions>\r\n    </Monitor>\r\n  </Monitors>\r\n  <Policy>\r\n    <LoadBalancingMethod>RoundRobin</LoadBalancingMethod>\r\n    <Endpoints />\r\n    <MonitorStatus>Inactive</MonitorStatus>\r\n  </Policy>\r\n</Definition>",
      "ResponseHeaders": {
        "x-ms-servedbyregion": [
          "ussouth2"
        ],
        "X-Content-Type-Options": [
          "nosniff"
        ],
        "x-ms-request-id": [
          "7dfc668fc122af9aa983889453152bf6"
        ],
        "Cache-Control": [
          "no-cache"
        ],
        "Date": [
          "Fri, 23 May 2014 10:17:08 GMT"
        ],
        "Server": [
          "1.0.6198.76",
          "(rd_rdfe_stable.140522-0024)",
          "Microsoft-HTTPAPI/2.0"
        ],
        "X-AspNet-Version": [
          "4.0.30319"
        ],
        "X-Powered-By": [
          "ASP.NET"
        ]
      },
      "StatusCode": 200
    },
    {
      "RequestUri": "/db1ab6f0-4769-4b27-930e-01e2ef9c123c/services/WATM/profiles/scenarioTestProfile2/definitions",
      "RequestMethod": "POST",
      "RequestBody": "<Definition xmlns=\"http://schemas.microsoft.com/windowsazure\">\r\n  <DnsOptions>\r\n    <TimeToLiveInSeconds>300</TimeToLiveInSeconds>\r\n  </DnsOptions>\r\n  <Monitors>\r\n    <Monitor>\r\n      <IntervalInSeconds>30</IntervalInSeconds>\r\n      <TimeoutInSeconds>10</TimeoutInSeconds>\r\n      <ToleratedNumberOfFailures>3</ToleratedNumberOfFailures>\r\n      <Protocol>HTTP</Protocol>\r\n      <Port>80</Port>\r\n      <HttpOptions>\r\n        <Verb>GET</Verb>\r\n        <RelativePath>/</RelativePath>\r\n        <ExpectedStatusCode>200</ExpectedStatusCode>\r\n      </HttpOptions>\r\n    </Monitor>\r\n  </Monitors>\r\n  <Policy>\r\n    <LoadBalancingMethod>RoundRobin</LoadBalancingMethod>\r\n    <Endpoints />\r\n  </Policy>\r\n</Definition>",
      "RequestHeaders": {
        "x-ms-version": [
          "2011-10-01"
        ],
        "User-Agent": [
          "Microsoft.WindowsAzure.Management.TrafficManager.TrafficManagerManagementClient/0.9.0.0",
          "WindowsAzurePowershell/v0.8.5"
        ]
      },
      "ResponseBody": "<Definition xmlns=\"http://schemas.microsoft.com/windowsazure\" xmlns:i=\"http://www.w3.org/2001/XMLSchema-instance\">\r\n  <Version>1</Version>\r\n</Definition>",
      "ResponseHeaders": {
        "x-ms-servedbyregion": [
          "ussouth2"
        ],
        "X-Content-Type-Options": [
          "nosniff"
        ],
        "x-ms-request-id": [
          "3d8b548712b1a29a9a9e6484ad23c3d4"
        ],
        "Cache-Control": [
          "no-cache"
        ],
        "Date": [
          "Fri, 23 May 2014 10:17:10 GMT"
        ],
        "Server": [
          "1.0.6198.76",
          "(rd_rdfe_stable.140522-0024)",
          "Microsoft-HTTPAPI/2.0"
        ],
        "X-AspNet-Version": [
          "4.0.30319"
        ],
        "X-Powered-By": [
          "ASP.NET"
        ]
      },
      "StatusCode": 200
    },
    {
      "RequestUri": "/db1ab6f0-4769-4b27-930e-01e2ef9c123c/services/WATM/profiles/scenarioTestProfile2",
      "RequestMethod": "GET",
      "RequestBody": "",
      "RequestHeaders": {
        "x-ms-version": [
          "2011-10-01"
        ],
        "User-Agent": [
          "Microsoft.WindowsAzure.Management.TrafficManager.TrafficManagerManagementClient/0.9.0.0",
          "WindowsAzurePowershell/v0.8.5"
        ]
      },
      "ResponseBody": "<Profile xmlns=\"http://schemas.microsoft.com/windowsazure\" xmlns:i=\"http://www.w3.org/2001/XMLSchema-instance\">\r\n  <DomainName>scenarioTestProfile2.trafficmanager.net</DomainName>\r\n  <Name>scenarioTestProfile2</Name>\r\n  <Status>Enabled</Status>\r\n  <StatusDetails>\r\n    <EnabledVersion>1</EnabledVersion>\r\n  </StatusDetails>\r\n  <Definitions>\r\n    <Definition>\r\n      <Status>Enabled</Status>\r\n      <Version>1</Version>\r\n    </Definition>\r\n  </Definitions>\r\n</Profile>",
      "ResponseHeaders": {
        "x-ms-servedbyregion": [
          "ussouth2"
        ],
        "X-Content-Type-Options": [
          "nosniff"
        ],
        "x-ms-request-id": [
          "83d01dbf28cca201b5cef6e39a709416"
        ],
        "Cache-Control": [
          "no-cache"
        ],
        "Date": [
          "Fri, 23 May 2014 10:17:10 GMT"
        ],
        "Server": [
          "1.0.6198.76",
          "(rd_rdfe_stable.140522-0024)",
          "Microsoft-HTTPAPI/2.0"
        ],
        "X-AspNet-Version": [
          "4.0.30319"
        ],
        "X-Powered-By": [
          "ASP.NET"
        ]
      },
      "StatusCode": 200
    },
    {
      "RequestUri": "/db1ab6f0-4769-4b27-930e-01e2ef9c123c/services/WATM/profiles/scenarioTestProfile2/definitions/1",
      "RequestMethod": "GET",
      "RequestBody": "",
      "RequestHeaders": {
        "x-ms-version": [
          "2011-10-01"
        ],
        "User-Agent": [
          "Microsoft.WindowsAzure.Management.TrafficManager.TrafficManagerManagementClient/0.9.0.0",
          "WindowsAzurePowershell/v0.8.5"
        ]
      },
      "ResponseBody": "<Definition xmlns=\"http://schemas.microsoft.com/windowsazure\" xmlns:i=\"http://www.w3.org/2001/XMLSchema-instance\">\r\n  <DnsOptions>\r\n    <TimeToLiveInSeconds>300</TimeToLiveInSeconds>\r\n  </DnsOptions>\r\n  <Status>Enabled</Status>\r\n  <Version>1</Version>\r\n  <Monitors>\r\n    <Monitor>\r\n      <IntervalInSeconds>30</IntervalInSeconds>\r\n      <TimeoutInSeconds>10</TimeoutInSeconds>\r\n      <ToleratedNumberOfFailures>3</ToleratedNumberOfFailures>\r\n      <Protocol>HTTP</Protocol>\r\n      <Port>80</Port>\r\n      <HttpOptions>\r\n        <Verb>GET</Verb>\r\n        <RelativePath>/</RelativePath>\r\n        <ExpectedStatusCode>200</ExpectedStatusCode>\r\n      </HttpOptions>\r\n    </Monitor>\r\n  </Monitors>\r\n  <Policy>\r\n    <LoadBalancingMethod>RoundRobin</LoadBalancingMethod>\r\n    <Endpoints />\r\n    <MonitorStatus>Inactive</MonitorStatus>\r\n  </Policy>\r\n</Definition>",
      "ResponseHeaders": {
        "x-ms-servedbyregion": [
          "ussouth2"
        ],
        "X-Content-Type-Options": [
          "nosniff"
        ],
        "x-ms-request-id": [
          "89e66ad5002cac78bcab0efe0bee51dd"
        ],
        "Cache-Control": [
          "no-cache"
        ],
        "Date": [
          "Fri, 23 May 2014 10:17:11 GMT"
        ],
        "Server": [
          "1.0.6198.76",
          "(rd_rdfe_stable.140522-0024)",
          "Microsoft-HTTPAPI/2.0"
        ],
        "X-AspNet-Version": [
          "4.0.30319"
        ],
        "X-Powered-By": [
          "ASP.NET"
        ]
      },
      "StatusCode": 200
    }
  ],
  "Names": {},
  "Variables": {}
}